# [REQ] TEST 1: basic GET request
GET /simple.html HTTP/1.1
User-Agent: curl/7.21.7 (x86_64-apple-darwin10.7.0) libcurl/7.21.7 OpenSSL/1.0.0d zlib/1.2.5 libidn/1.22
Host: 127.0.0.1:9090
Accept: */*
# [REQ] TEST 2: basic PUT request
PUT /simple.html HTTP/1.1
User-Agent: curl/7.21.7 (x86_64-apple-darwin10.7.0) libcurl/7.21.7 OpenSSL/1.0.0d zlib/1.2.5 libidn/1.22
Host: 127.0.0.1:9090
Accept: */*
Content-Length: 17
Content-Type: application/x-www-form-urlencoded
here is some data
# [REQ] TEST 3: basic POST request
POST /simple.html HTTP/1.1
User-Agent: curl/7.21.7 (x86_64-apple-darwin10.7.0) libcurl/7.21.7 OpenSSL/1.0.0d zlib/1.2.5 libidn/1.22
Host: 127.0.0.1:9090
Accept: */*
Content-Length: 17
Content-Type: application/x-www-form-urlencoded
here is some data
# [REQ] TEST 4: basic DELETE request
DELETE /simple.html HTTP/1.1
User-Agent: curl/7.21.7 (x86_64-apple-darwin10.7.0) libcurl/7.21.7 OpenSSL/1.0.0d zlib/1.2.5 libidn/1.22
Host: 127.0.0.1:9090
Accept: */*
# [REQ] TEST 5: basic TRACE request
TRACE /simple.html HTTP/1.1
User-Agent: curl/7.21.7 (x86_64-apple-darwin10.7.0) libcurl/7.21.7 OpenSSL/1.0.0d zlib/1.2.5 libidn/1.22
Host: 127.0.0.1:9090
Accept: */*
Content-Length: 17
Content-Type: application/x-www-form-urlencoded
here is some data
# [REQ] TEST 6: basic OPTIONS request
HTTP/1.0 200 OK
Cache-Control: private
Content-Type: text/plain
Server: lilhttpd/1.0
Connection: close
Content-Length: 168
# [REQ] TEST 7: Raw response
GET /simple.html HTTP/1.1
User-Agent: curl/7.21.7 (x86_64-apple-darwin10.7.0) libcurl/7.21.7 OpenSSL/1.0.0d zlib/1.2.5 libidn/1.22
Host: 127.0.0.1:9090
Accept: */*
# [REQ] TEST 8: Get headers too
* <url> malformed
* <url> malformed
* About to connect() to 127.0.0.1 port 9090 (#0)
*   Trying 127.0.0.1... connected
* Connected to 127.0.0.1 (127.0.0.1) port 9090 (#0)
> GET /simple.html HTTP/1.1
> User-Agent: curl/7.21.7 (x86_64-apple-darwin10.7.0) libcurl/7.21.7 OpenSSL/1.0.0d zlib/1.2.5 libidn/1.22
> Host: 127.0.0.1:9090
> Accept: */*
> 
* HTTP 1.0, assume close after body
< HTTP/1.0 200 OK
< Cache-Control: private
< Content-Type: text/plain
< Server: lilhttpd/1.0
< Connection: close
< Content-Length: 164
<
{ [data not shown]
* Closing connection #0
GET /simple.html HTTP/1.1
User-Agent: curl/7.21.7 (x86_64-apple-darwin10.7.0) libcurl/7.21.7 OpenSSL/1.0.0d zlib/1.2.5 libidn/1.22
Host: 127.0.0.1:9090
Accept: */*
# [REQ] TEST 9: POST with data sent in query string
POST /simple.html?foo=bar HTTP/1.1
User-Agent: curl/7.21.7 (x86_64-apple-darwin10.7.0) libcurl/7.21.7 OpenSSL/1.0.0d zlib/1.2.5 libidn/1.22
Host: 127.0.0.1:9090
Accept: */*
# [REQ] TEST 10: POST with data sent in message body
POST /simple.html HTTP/1.1
User-Agent: curl/7.21.7 (x86_64-apple-darwin10.7.0) libcurl/7.21.7 OpenSSL/1.0.0d zlib/1.2.5 libidn/1.22
Host: 127.0.0.1:9090
Accept: */*
Content-Length: 12
Content-Type: application/x-www-form-urlencoded
{foo: "bar"}
# [REQ] TEST 11: POST with extra header and basic auth, data in message body
POST /simple.html HTTP/1.1
Authorization: Basic dXNlcjpzZWNyZXQ=
User-Agent: curl/7.21.7 (x86_64-apple-darwin10.7.0) libcurl/7.21.7 OpenSSL/1.0.0d zlib/1.2.5 libidn/1.22
Host: 127.0.0.1:9090
Accept: application/json
Content-Length: 66
Content-Type: application/x-www-form-urlencoded
{"foo":[1,2,3],"bar":{"dog":"woof","cat":"meow","fish":"banana"}}
# [REQ] TEST 12: json pretty-print formatting
# [REQ] TEST 13: make sure the default options are correctly set
GET /simple.json HTTP/1.1
Authorization: Basic dXNlcjpwYXNz
User-Agent: curl/7.21.7 (x86_64-apple-darwin10.7.0) libcurl/7.21.7 OpenSSL/1.0.0d zlib/1.2.5 libidn/1.22
Host: 127.0.0.1:9090
Accept: application/json
# [REQ] TEST 14: make sure the default options are correctly unset
GET /simple.json HTTP/1.1
User-Agent: curl/7.21.7 (x86_64-apple-darwin10.7.0) libcurl/7.21.7 OpenSSL/1.0.0d zlib/1.2.5 libidn/1.22
Host: 127.0.0.1:9090
Accept: */*
# [REQ] TEST 15: try PUT with both data in body and query params in url, no urlencode
PUT /simple.json?param=value&other=blah HTTP/1.1
User-Agent: curl/7.21.7 (x86_64-apple-darwin10.7.0) libcurl/7.21.7 OpenSSL/1.0.0d zlib/1.2.5 libidn/1.22
Host: 127.0.0.1:9090
Accept: */*
Content-Length: 14
Content-Type: application/x-www-form-urlencoded
{"foo":"bar"}
# [REQ] TEST 16: try PUT with both data in body and query params in url via -q
PUT /simple.json?param=value&other=blah HTTP/1.1
User-Agent: curl/7.21.7 (x86_64-apple-darwin10.7.0) libcurl/7.21.7 OpenSSL/1.0.0d zlib/1.2.5 libidn/1.22
Host: 127.0.0.1:9090
Accept: */*
Content-Length: 14
Content-Type: application/x-www-form-urlencoded
{"foo":"bar"}
# [OUT] TEST 1: basic GET request
   [1]fork me on github

Resty
Test
Page
     __________________________________________________________________

Hello There.

   CAPTION: Table 1: Pets you can adopt.

       #
     name
    species
     price
   available
   1        bugs   rabbit   $1.25 Jun 24 2009
   2        rascal dog      $3.50 Apr 1 2010
   3        rufus  dog      $0.25 Jun 17 2009
   4        scabby bird     $0.02 Jun 04 2009
   5        roger  goldfish $0.02 Jun 05 2009

   The table on the right has sortable columns. Click on the column
   headings to sort and re-sort that column. The rain in Spain falls
   mainly on the plain. Thanks!
     __________________________________________________________________

References

http://github.com/micha/resty
# [OUT] TEST 2: basic PUT request
   [1]fork me on github

Resty
Test
Page
     __________________________________________________________________

Hello There.

   CAPTION: Table 1: Pets you can adopt.

       #
     name
    species
     price
   available
   1        bugs   rabbit   $1.25 Jun 24 2009
   2        rascal dog      $3.50 Apr 1 2010
   3        rufus  dog      $0.25 Jun 17 2009
   4        scabby bird     $0.02 Jun 04 2009
   5        roger  goldfish $0.02 Jun 05 2009

   The table on the right has sortable columns. Click on the column
   headings to sort and re-sort that column. The rain in Spain falls
   mainly on the plain. Thanks!
     __________________________________________________________________

References

http://github.com/micha/resty
# [OUT] TEST 3: basic POST request
   [1]fork me on github

Resty
Test
Page
     __________________________________________________________________

Hello There.

   CAPTION: Table 1: Pets you can adopt.

       #
     name
    species
     price
   available
   1        bugs   rabbit   $1.25 Jun 24 2009
   2        rascal dog      $3.50 Apr 1 2010
   3        rufus  dog      $0.25 Jun 17 2009
   4        scabby bird     $0.02 Jun 04 2009
   5        roger  goldfish $0.02 Jun 05 2009

   The table on the right has sortable columns. Click on the column
   headings to sort and re-sort that column. The rain in Spain falls
   mainly on the plain. Thanks!
     __________________________________________________________________

References

http://github.com/micha/resty
# [OUT] TEST 4: basic DELETE request
   [1]fork me on github

Resty
Test
Page
     __________________________________________________________________

Hello There.

   CAPTION: Table 1: Pets you can adopt.

       #
     name
    species
     price
   available
   1        bugs   rabbit   $1.25 Jun 24 2009
   2        rascal dog      $3.50 Apr 1 2010
   3        rufus  dog      $0.25 Jun 17 2009
   4        scabby bird     $0.02 Jun 04 2009
   5        roger  goldfish $0.02 Jun 05 2009

   The table on the right has sortable columns. Click on the column
   headings to sort and re-sort that column. The rain in Spain falls
   mainly on the plain. Thanks!
     __________________________________________________________________

References

http://github.com/micha/resty
# [OUT] TEST 5: basic TRACE request
   [1]fork me on github

Resty
Test
Page
     __________________________________________________________________

Hello There.

   CAPTION: Table 1: Pets you can adopt.

       #
     name
    species
     price
   available
   1        bugs   rabbit   $1.25 Jun 24 2009
   2        rascal dog      $3.50 Apr 1 2010
   3        rufus  dog      $0.25 Jun 17 2009
   4        scabby bird     $0.02 Jun 04 2009
   5        roger  goldfish $0.02 Jun 05 2009

   The table on the right has sortable columns. Click on the column
   headings to sort and re-sort that column. The rain in Spain falls
   mainly on the plain. Thanks!
     __________________________________________________________________

References

http://github.com/micha/resty
# [OUT] TEST 6: basic OPTIONS request
HTTP/1.0 200 OK
Cache-Control: private
Content-Type: text/html; charset=us-ascii
Server: lilhttpd/1.0
Connection: close
Content-Length: 2340
# [OUT] TEST 7: Raw response
<!DOCTYPE HTML PUBLIC "-//W3C//DTD HTML 4.01 Transitional//EN">
<html lang="en">
  <head>
    <meta http-equiv="Content-Type" content="text/html; charset=ISO-8859-1">
    <title>jQuery Tablesort Demo</title>
  </head>
  <body>
    <div class="container">
      <div>
        <div class="nav">
          <a href="http://github.com/micha/resty">fork me on github</a>
        </div>
        <h2>Resty<br />Test<br />Page</h2>
      </div>
      <hr/>
      <div class="container">
        <h3>Hello There.</h3>
        <table class="demo jquery-tablesort" cellspacing="0" cellpadding="0">
          <caption>Table 1: Pets you can adopt.</caption>
          <colgroup>
            <col>
            <col>
            <col>
            <col>
            <col>
          </colgroup>
          <thead>
            <tr>
              <th><div>#</div></th>
              <th><div>name</div></th>
              <th><div>species</div></th>
              <th><div>price</div></th>
              <th><div>available</div></th>
            </tr>
          </thead>
          <tbody>
            <tr class="even">
              <td>1</td>
              <td>bugs</td>
              <td>rabbit</td>
              <td>$1.25</td>
              <td>Jun 24 2009</td>
            </tr>
            <tr class="odd">
              <td>2</td>
              <td>rascal</td>
              <td>dog</td>
              <td>$3.50</td>
              <td>Apr 1 2010</td>
            </tr>
            <tr class="even">
              <td>3</td>
              <td>rufus</td>
              <td>dog</td>
              <td>$0.25</td>
              <td>Jun 17 2009</td>
            </tr>
            <tr class="odd">
              <td>4</td>
              <td>scabby</td>
              <td>bird</td>
              <td>$0.02</td>
              <td>Jun 04 2009</td>
            </tr>
            <tr class="even">
              <td>5</td>
              <td>roger</td>
              <td>goldfish</td>
              <td>$0.02</td>
              <td>Jun 05 2009</td>
            </tr>
          </tbody>
        </table>
        <p>The table on the right has sortable columns. Click on the
        column headings to sort and re-sort that column. The rain in
        Spain falls mainly on the plain. Thanks!</p>
      </div>
      <hr />
    </div>
  </body>
</html>
# [OUT] TEST 8: Get headers too
* <url> malformed
* <url> malformed
* About to connect() to 127.0.0.1 port 9090 (#0)
*   Trying 127.0.0.1... connected
* Connected to 127.0.0.1 (127.0.0.1) port 9090 (#0)
> GET /simple.html HTTP/1.1
> User-Agent: curl/7.21.7 (x86_64-apple-darwin10.7.0) libcurl/7.21.7 OpenSSL/1.0.0d zlib/1.2.5 libidn/1.22
> Host: 127.0.0.1:9090
> Accept: */*
> 
* HTTP 1.0, assume close after body
< HTTP/1.0 200 OK
< Cache-Control: private
< Content-Type: text/html; charset=us-ascii
< Server: lilhttpd/1.0
< Connection: close
< Content-Length: 2340
<
{ [data not shown]
* Closing connection #0
   [1]fork me on github

Resty
Test
Page
     __________________________________________________________________

Hello There.

   CAPTION: Table 1: Pets you can adopt.

       #
     name
    species
     price
   available
   1        bugs   rabbit   $1.25 Jun 24 2009
   2        rascal dog      $3.50 Apr 1 2010
   3        rufus  dog      $0.25 Jun 17 2009
   4        scabby bird     $0.02 Jun 04 2009
   5        roger  goldfish $0.02 Jun 05 2009

   The table on the right has sortable columns. Click on the column
   headings to sort and re-sort that column. The rain in Spain falls
   mainly on the plain. Thanks!
     __________________________________________________________________

References

http://github.com/micha/resty
# [OUT] TEST 9: POST with data sent in query string
   [1]fork me on github

Resty
Test
Page
     __________________________________________________________________

Hello There.

   CAPTION: Table 1: Pets you can adopt.

       #
     name
    species
     price
   available
   1        bugs   rabbit   $1.25 Jun 24 2009
   2        rascal dog      $3.50 Apr 1 2010
   3        rufus  dog      $0.25 Jun 17 2009
   4        scabby bird     $0.02 Jun 04 2009
   5        roger  goldfish $0.02 Jun 05 2009

   The table on the right has sortable columns. Click on the column
   headings to sort and re-sort that column. The rain in Spain falls
   mainly on the plain. Thanks!
     __________________________________________________________________

References

http://github.com/micha/resty
# [OUT] TEST 10: POST with data sent in message body
   [1]fork me on github

Resty
Test
Page
     __________________________________________________________________

Hello There.

   CAPTION: Table 1: Pets you can adopt.

       #
     name
    species
     price
   available
   1        bugs   rabbit   $1.25 Jun 24 2009
   2        rascal dog      $3.50 Apr 1 2010
   3        rufus  dog      $0.25 Jun 17 2009
   4        scabby bird     $0.02 Jun 04 2009
   5        roger  goldfish $0.02 Jun 05 2009

   The table on the right has sortable columns. Click on the column
   headings to sort and re-sort that column. The rain in Spain falls
   mainly on the plain. Thanks!
     __________________________________________________________________

References

http://github.com/micha/resty
# [OUT] TEST 11: POST with extra header and basic auth, data in message body
   [1]fork me on github

Resty
Test
Page
     __________________________________________________________________

Hello There.

   CAPTION: Table 1: Pets you can adopt.

       #
     name
    species
     price
   available
   1        bugs   rabbit   $1.25 Jun 24 2009
   2        rascal dog      $3.50 Apr 1 2010
   3        rufus  dog      $0.25 Jun 17 2009
   4        scabby bird     $0.02 Jun 04 2009
   5        roger  goldfish $0.02 Jun 05 2009

   The table on the right has sortable columns. Click on the column
   headings to sort and re-sort that column. The rain in Spain falls
   mainly on the plain. Thanks!
     __________________________________________________________________

References

http://github.com/micha/resty
# [OUT] TEST 12: json pretty-print formatting
{
   "bar" : {
      "cat" : "meow",
      "dog" : "woof",
      "fish" : "banana"
   },
   "foo" : [
      1,
      2,
      3
   ]
}

# [OUT] TEST 13: make sure the default options are correctly set
{"foo":[1,2,3],"bar":{"dog":"woof","cat":"meow","fish":"banana"}}
# [OUT] TEST 14: make sure the default options are correctly unset
{"foo":[1,2,3],"bar":{"dog":"woof","cat":"meow","fish":"banana"}}
# [OUT] TEST 15: try PUT with both data in body and query params in url, no urlencode
{"foo":[1,2,3],"bar":{"dog":"woof","cat":"meow","fish":"banana"}}
# [OUT] TEST 16: try PUT with both data in body and query params in url via -q
{"foo":[1,2,3],"bar":{"dog":"woof","cat":"meow","fish":"banana"}}
